13:27:03 **** Incremental Build of configuration Debug for project First_Project ****
make all 
Building file: ../main.c
Invoking: AVR Compiler
avr-gcc -Wall -g2 -gstabs -O0 -fpack-struct -fshort-enums -ffunction-sections -fdata-sections -std=gnu99 -funsigned-char -funsigned-bitfields -mmcu=atmega32 -DF_CPU=8000000UL -MMD -MP -MF"main.d" -MT"main.o" -c -o "main.o" "../main.c"
In file included from ../main.c:9:
f:/iti_avr/03- imt sdk/imt_sdk_win_64/winavr/lib/gcc/../../avr/include/avr/delay.h:36:2: warning: #warning "This file has been moved to <util/delay.h>."
In file included from f:/iti_avr/03- imt sdk/imt_sdk_win_64/winavr/lib/gcc/../../avr/include/avr/delay.h:37,
                 from ../main.c:9:
f:/iti_avr/03- imt sdk/imt_sdk_win_64/winavr/lib/gcc/../../avr/include/util/delay.h:90:3: warning: #warning "Compiler optimizations disabled; functions from <util/delay.h> won't work as designed"
../main.c: In function 'DIO_u8SetPinDirection':
../main.c:51: warning: pointer targets in assignment differ in signedness
../main.c:52: warning: pointer targets in assignment differ in signedness
../main.c:53: warning: pointer targets in assignment differ in signedness
../main.c:54: warning: pointer targets in assignment differ in signedness
../main.c: In function 'DIO_u8SetPinValue':
../main.c:71: warning: pointer targets in assignment differ in signedness
../main.c:72: warning: pointer targets in assignment differ in signedness
../main.c:73: warning: pointer targets in assignment differ in signedness
../main.c:74: warning: pointer targets in assignment differ in signedness
Finished building: ../main.c
 
Building target: First_Project.elf
Invoking: AVR C Linker
avr-gcc -Wl,-Map,First_Project.map -mmcu=atmega32 -o "First_Project.elf"  ./main.o   
Finished building target: First_Project.elf
 
Invoking: AVR Create Extended Listing
avr-objdump -h -S First_Project.elf  >"First_Project.lss"
Finished building: First_Project.lss
 
Create Flash image (ihex format)
avr-objcopy -R .eeprom -R .fuse -R .lock -R .signature -O ihex First_Project.elf  "First_Project.hex"
Finished building: First_Project.hex
 
Invoking: Print Size
avr-size --format=avr --mcu=atmega32 First_Project.elf
AVR Memory Usage
----------------
Device: atmega32

Program:    4026 bytes (12.3% Full)
(.text + .data + .bootloader)

Data:          8 bytes (0.4% Full)
(.data + .bss + .noinit)


Finished building: sizedummy
 

13:27:03 Build Finished (took 770ms)

