22:09:50 **** Incremental Build of configuration Debug for project Interrupt ****
make all 
Building file: ../main.c
Invoking: AVR Compiler
avr-gcc -I"F:\iti_AVR\projects_emb\library" -Wall -g2 -gstabs -Os -fpack-struct -fshort-enums -ffunction-sections -fdata-sections -std=gnu99 -funsigned-char -funsigned-bitfields -mmcu=atmega16 -DF_CPU=8000000UL -MMD -MP -MF"main.d" -MT"main.o" -c -o "main.o" "../main.c"
Finished building: ../main.c
 
Building target: Interrupt.elf
Invoking: AVR C Linker
avr-gcc -Wl,-Map,Interrupt.map -mmcu=atmega16 -o "Interrupt.elf"  ./library/MCAL/EXTI/EXTI_program.o ./library/MCAL/EXTI/GI_program.o  ./library/MCAL/DIO/DIO_program.o  ./library/LIB/delay.o  ./library/HAL/SSD/HAL_SSD.o  ./library/HAL/LCD/LCD_program.o  ./library/HAL/KPD/KPD_program.o  ./library/HAL/DCMOTOR/DCMOTOR_program.o  ./main.o   
Finished building target: Interrupt.elf
 
Invoking: AVR Create Extended Listing
avr-objdump -h -S Interrupt.elf  >"Interrupt.lss"
Finished building: Interrupt.lss
 
Create Flash image (ihex format)
avr-objcopy -R .eeprom -R .fuse -R .lock -R .signature -O ihex Interrupt.elf  "Interrupt.hex"
Finished building: Interrupt.hex
 
Invoking: Print Size
avr-size --format=avr --mcu=atmega16 Interrupt.elf
AVR Memory Usage
----------------
Device: atmega16

Program:    2970 bytes (18.1% Full)
(.text + .data + .bootloader)

Data:         36 bytes (3.5% Full)
(.data + .bss + .noinit)


Finished building: sizedummy
 

22:09:51 Build Finished (took 690ms)

