00:55:02 **** Incremental Build of configuration Debug for project Timer0 ****
make all 
Building file: ../main.c
Invoking: AVR Compiler
avr-gcc -I"F:\iti_AVR\projects_emb\library" -Wall -g2 -gstabs -Os -fpack-struct -fshort-enums -ffunction-sections -fdata-sections -std=gnu99 -funsigned-char -funsigned-bitfields -mmcu=atmega32 -DF_CPU=8000000UL -MMD -MP -MF"main.d" -MT"main.o" -c -o "main.o" "../main.c"
Finished building: ../main.c
 
Building target: Timer0.elf
Invoking: AVR C Linker
avr-gcc -Wl,-Map,Timer0.map -mmcu=atmega32 -o "Timer0.elf"  ./library/MCAL/TIMER0/TIMER0_program.o  ./library/MCAL/EXTI/EXTI_program.o ./library/MCAL/EXTI/GI_program.o  ./library/MCAL/DIO/DIO_program.o  ./library/MCAL/ADC/ADC_program.o  ./library/LIB/delay.o  ./library/HAL/SSD/HAL_SSD.o  ./library/HAL/LCD/LCD_program.o  ./library/HAL/KPD/KPD_program.o  ./library/HAL/DCMOTOR/DCMOTOR_program.o  ./main.o   
Finished building target: Timer0.elf
 
Invoking: AVR Create Extended Listing
avr-objdump -h -S Timer0.elf  >"Timer0.lss"
Finished building: Timer0.lss
 
Create Flash image (ihex format)
avr-objcopy -R .eeprom -R .fuse -R .lock -R .signature -O ihex Timer0.elf  "Timer0.hex"
Finished building: Timer0.hex
 
Invoking: Print Size
avr-size --format=avr --mcu=atmega32 Timer0.elf
AVR Memory Usage
----------------
Device: atmega32

Program:    4112 bytes (12.5% Full)
(.text + .data + .bootloader)

Data:         68 bytes (3.3% Full)
(.data + .bss + .noinit)


Finished building: sizedummy
 

00:55:02 Build Finished (took 756ms)

