11:32:39 **** Incremental Build of configuration Debug for project voltameter ****
make all 
Building file: ../main.c
Invoking: AVR Compiler
avr-gcc -I"F:\iti_AVR\projects_emb\library" -Wall -g2 -gstabs -O0 -fpack-struct -fshort-enums -ffunction-sections -fdata-sections -std=gnu99 -funsigned-char -funsigned-bitfields -mmcu=atmega32 -DF_CPU=8000000UL -MMD -MP -MF"main.d" -MT"main.o" -c -o "main.o" "../main.c"
In file included from ../main.c:6:
f:/iti_avr/03- imt sdk/imt_sdk_win_64/winavr/lib/gcc/../../avr/include/util/delay.h:90:3: warning: #warning "Compiler optimizations disabled; functions from <util/delay.h> won't work as designed"
../main.c: In function 'main':
../main.c:52: warning: implicit declaration of function 'DIO_voidInit'
Finished building: ../main.c
 
Building target: voltameter.elf
Invoking: AVR C Linker
avr-gcc -Wl,-Map,voltameter.map -mmcu=atmega32 -o "voltameter.elf"  ./library/MCAL/EXTI/EXTI_program.o ./library/MCAL/EXTI/GI_program.o  ./library/MCAL/DIO/DIO_program.o  ./library/MCAL/ADC/ADC_program.o  ./library/LIB/delay.o  ./library/HAL/SSD/HAL_SSD.o  ./library/HAL/LCD/LCD_program.o  ./library/HAL/KPD/KPD_program.o  ./library/HAL/DCMOTOR/DCMOTOR_program.o  ./main.o   
Finished building target: voltameter.elf
 
Invoking: AVR Create Extended Listing
avr-objdump -h -S voltameter.elf  >"voltameter.lss"
Finished building: voltameter.lss
 
Invoking: Print Size
avr-size --format=avr --mcu=atmega32 voltameter.elf
AVR Memory Usage
----------------
Device: atmega32

Program:   14620 bytes (44.6% Full)
(.text + .data + .bootloader)

Data:        316 bytes (15.4% Full)
(.data + .bss + .noinit)


Finished building: sizedummy
 

11:32:40 Build Finished (took 685ms)

